(config …): unknown config flag :nope (expected one of: candidate-order-seed, enable-fail-fast-fork, enable-forced-positive, enable-lookahead-kill-cache, enable-path-nogoods, enable-pre-branch-lookahead, enable-singleton-writeback, enable-symmetric-mirror, hypgen-obj-weight, hypgen-rel-weight, hypgen-scoring, lattice-order, lattice-order-seed, lattice-sanity-check, print-alive, record-alternative-justifications, warn-derived-naf)
