(config :enable-pre-branch-lookahead true)

(import std.algebra :symbols (symmetric transitive includes))

(import
  std.bijection
  :symbols (bijective-properties bijective-setup typecheck-setup))

(bijection-hierarchy is-a)

(typecheck-hierarchy is-a*)

(rule
  co-located
  (?R1 ?V1 ?R2 ?V2)
  :match (?R1 ?V1 ?h)
  :assert (?R2 ?V2 ?h)
  :why "co-located: ({?R1} {?V1} {?h}) ⟹ ({?R2} {?V2} {?h})."
  :priority 200)

(rule
  co-located-fanout
  ()
  :match (co-located ?R1 ?V1 ?R2 ?V2)
  :assert (and (co-located ?R2 ?V2 ?R1 ?V1) (co-located-negative ?R1 ?V1 ?R2 ?V2))
  :why "co-located {?R1} {?V1} ↔ {?R2} {?V2}: derive the reverse (symmetry) + negative-propagation activators."
  :priority 100)

(rule
  co-located-negative
  (?R1 ?V1 ?R2 ?V2)
  :match (not (?R1 ?V1 ?h))
  :assert (not (?R2 ?V2 ?h))
  :why "co-located: (not ({?R1} {?V1} {?h})) ⟹ (not ({?R2} {?V2} {?h}))."
  :priority 200)

(rule
  adjacent-via-fwd
  (?S ?R1 ?V1 ?R2 ?V2)
  :match (and (?R1 ?V1 ?h1) (?S ?h2 ?h1) (absent (and (?S ?h_o ?h1) (neq ?h_o ?h2))))
  :assert (?R2 ?V2 ?h2)
  :why "({?R1} {?V1} {?h1}) and unique-{?S} neighbour {?h2} ⟹ ({?R2} {?V2} {?h2})."
  :priority 200)

(rule
  adjacent-via-bwd
  (?S ?R1 ?V1 ?R2 ?V2)
  :match (and (?R2 ?V2 ?h2) (?S ?h2 ?h1) (absent (and (?S ?h2 ?h_o) (neq ?h_o ?h1))))
  :assert (?R1 ?V1 ?h1)
  :why "({?R2} {?V2} {?h2}) with unique-{?S}⁻¹ {?h1} ⟹ ({?R1} {?V1} {?h1})."
  :priority 200)

(rule
  adjacent-via-fwd-negative
  (?S ?R1 ?V1 ?R2 ?V2)
  :match (and (not (?R2 ?V2 ?h2)) (?S ?h2 ?h1) (absent (and (?S ?h_o ?h1) (neq ?h_o ?h2))))
  :assert (not (?R1 ?V1 ?h1))
  :why "(not ({?R2} {?V2} {?h2})) + unique-{?S}-source {?h1} ⟹ (not ({?R1} {?V1} {?h1}))."
  :priority 240)

(rule
  adjacent-via-bwd-negative
  (?S ?R1 ?V1 ?R2 ?V2)
  :match (and (not (?R1 ?V1 ?h1)) (?S ?h2 ?h1) (absent (and (?S ?h2 ?h_o) (neq ?h_o ?h1))))
  :assert (not (?R2 ?V2 ?h2))
  :why "(not ({?R1} {?V1} {?h1})) + unique-{?S}-target {?h2} ⟹ (not ({?R2} {?V2} {?h2}))."
  :priority 240)

(rule
  derive-adjacent-via
  ()
  :match (adjacent-via ?S ?R1 ?V1 ?R2 ?V2)
  :assert (and (adjacent-via-fwd ?S ?R1 ?V1 ?R2 ?V2) (adjacent-via-bwd ?S ?R1 ?V1 ?R2 ?V2))
  :why "adjacent-via ⟹ both directional activators (identical args)."
  :priority 100)

(rule
  derive-adjacent-via-fwd-fanout
  ()
  :match (adjacent-via-fwd ?S ?R1 ?V1 ?R2 ?V2)
  :assert (and (adjacent-via-fwd-negative ?S ?R1 ?V1 ?R2 ?V2) (disjunctive-prune-fwd ?S ?R1 ?V1 ?R2 ?V2) (adjacent-via-endpoint-fwd ?S ?R1 ?V1 ?R2 ?V2))
  :why "adjacent-via-fwd ⟹ its negative / disjunctive-prune / endpoint activators."
  :priority 200)

(rule
  derive-adjacent-via-bwd-fanout
  ()
  :match (adjacent-via-bwd ?S ?R1 ?V1 ?R2 ?V2)
  :assert (and (adjacent-via-bwd-negative ?S ?R1 ?V1 ?R2 ?V2) (disjunctive-prune-bwd ?S ?R1 ?V1 ?R2 ?V2) (adjacent-via-endpoint-bwd ?S ?R1 ?V1 ?R2 ?V2))
  :why "adjacent-via-bwd ⟹ its negative / disjunctive-prune / endpoint activators."
  :priority 200)

(rule
  disjunctive-prune-fwd
  (?S ?R1 ?V1 ?R2 ?V2)
  :match (and (?R1 ?V1 ?h1) (relation ?R2 ?A ?B) (is-a ?h_other ?B) (neq ?h_other ?h1) (absent (?S ?h_other ?h1)))
  :assert (not (?R2 ?V2 ?h_other))
  :why "({?V1} at {?h1} via {?R1}) restricts {?V2} to {?S}-neighbours (fwd); {?h_other} excluded."
  :priority 250)

(rule
  disjunctive-prune-bwd
  (?S ?R1 ?V1 ?R2 ?V2)
  :match (and (?R2 ?V2 ?h1) (relation ?R1 ?A ?B) (is-a ?h_other ?B) (neq ?h_other ?h1) (absent (?S ?h1 ?h_other)))
  :assert (not (?R1 ?V1 ?h_other))
  :why "({?V2} at {?h1} via {?R2}) restricts {?V1} to {?S}-preimages (bwd); {?h_other} excluded."
  :priority 250)

(rule
  adjacent-via-endpoint-fwd
  (?S ?R1 ?V1 ?R2 ?V2)
  :match (and (relation ?R1 ?A ?B) (is-a ?h1 ?B) (absent (and (is-a ?h2 ?B) (?S ?h2 ?h1))))
  :assert (not (?R1 ?V1 ?h1))
  :why "{?h1} has no {?S}-source; ({?R1} {?V1} {?h1}) impossible."
  :priority 240)

(rule
  adjacent-via-endpoint-bwd
  (?S ?R1 ?V1 ?R2 ?V2)
  :match (and (relation ?R2 ?A ?B) (is-a ?h2 ?B) (absent (and (is-a ?h1 ?B) (?S ?h2 ?h1))))
  :assert (not (?R2 ?V2 ?h2))
  :why "{?h2} has no {?S}-target; ({?R2} {?V2} {?h2}) impossible."
  :priority 240)

(hrule
  guess
  (?R ?T1 ?T2)
  :match (and (is-a ?a ?T1) (is-a ?b ?T2))
  :assert (?R ?a ?b)
  :why "guess: ({?R} {?a} {?b})?")

(relation is-a T T)

(relation is-a* T T)

(relation color-loc Color House :why "{?2} is painted {?1}")

(relation nation-loc Nationality House :why "the {?1} lives in {?2}")

(relation drink-loc Drink House :why "{?1} is drunk in {?2}")

(relation smoke-loc Cigarette House :why "{?1} is smoked in {?2}")

(relation pet-loc Pet House :why "the {?1} is kept in {?2}")

(relation right-of House House)

(relation next-to House House)

(includes is-a is-a*)

(transitive is-a*)

(symmetric next-to)

(includes right-of next-to)

(bijective color-loc)

(bijective nation-loc)

(bijective drink-loc)

(bijective smoke-loc)

(bijective pet-loc)

(is-a Attribute T)

(is-a House Attribute)

(is-a Color Attribute)

(is-a Nationality Attribute)

(is-a Pet Attribute)

(is-a Cigarette Attribute)

(is-a Drink Attribute)

(is-a House-1 House)

(is-a House-2 House)

(is-a House-3 House)

(is-a House-4 House)

(is-a House-5 House)

(is-a Red Color)

(is-a Green Color)

(is-a Ivory Color)

(is-a Yellow Color)

(is-a Blue Color)

(is-a Englishman Nationality)

(is-a Spaniard Nationality)

(is-a Ukrainian Nationality)

(is-a Norwegian Nationality)

(is-a Japanese Nationality)

(is-a Dog Pet)

(is-a Snail Pet)

(is-a Fox Pet)

(is-a Horse Pet)

(is-a Zebra Pet)

(is-a Old_Gold Cigarette)

(is-a Kools Cigarette)

(is-a Chesterfields Cigarette)

(is-a Lucky_Strike Cigarette)

(is-a Parliament Cigarette)

(is-a Coffee Drink)

(is-a Tea Drink)

(is-a Milk Drink)

(is-a Juice Drink)

(is-a Water Drink)

(right-of House-2 House-1 :source "condition (1)")

(right-of House-3 House-2 :source "condition (1)")

(right-of House-4 House-3 :source "condition (1)")

(right-of House-5 House-4 :source "condition (1)")

(co-located nation-loc Englishman color-loc Red :source "condition (2)")

(co-located nation-loc Spaniard pet-loc Dog :source "condition (3)")

(co-located drink-loc Coffee color-loc Green :source "condition (4)")

(co-located nation-loc Ukrainian drink-loc Tea :source "condition (5)")

(adjacent-via right-of color-loc Ivory color-loc Green :source "condition (6)")

(co-located smoke-loc Old_Gold pet-loc Snail :source "condition (7)")

(co-located smoke-loc Kools color-loc Yellow :source "condition (8)")

(drink-loc Milk House-3 :source "condition (9)")

(nation-loc Norwegian House-1 :source "condition (10)")

(adjacent-via
  next-to
  smoke-loc
  Chesterfields
  pet-loc
  Fox
  :source "condition (11)")

(adjacent-via next-to smoke-loc Kools pet-loc Horse :source "condition (12)")

(co-located smoke-loc Lucky_Strike drink-loc Juice :source "condition (13)")

(co-located nation-loc Japanese smoke-loc Parliament :source "condition (14)")

(adjacent-via
  next-to
  nation-loc
  Norwegian
  color-loc
  Blue
  :source "condition (15)")

(query
  :goal (and (drink-loc Water ?h_water) (nation-loc ?who_water ?h_water) (pet-loc Zebra ?h_zebra) (nation-loc ?who_zebra ?h_zebra))
  :goal-text "The {?who_water} drinks water in {?h_water}; the {?who_zebra} owns zebra in {?h_zebra}"
  :hrules (guess (color-loc Color House) (nation-loc Nationality House) (drink-loc Drink House) (smoke-loc Cigarette House) (pet-loc Pet House)))
